(.n_writeops_done=1)
(.n_writeops_done=1)
(.n_writeops_done=1)
(.n_writeops_done=1)
(.n_writeops_done=1)
(.n_writeops_done=5)
(i=1, j=2, k=3, l=4, m=5)
(i=1, j=2, k=3, l=4, m=5)
(i=1, j=2, k=3, l=4, m=5)
(i=1, j=2, k=3, l=4, m=5)
(i=1, j=2, k=3, l=4, m=5)
