(.n_writeops_done=1)
(.n_writeops_done=1)
(.n_writeops_done=1)
(.n_writeops_done=1)
(x=1)
(x=1)
(x=1)
(x=1)
(x=1)
(y=2)
(y=2)
(y=2)
(y=2)
(y=2)
(x=1)
(x=1)
(x=1)
(x=1)
(x=1)
[COMMIT] failed with rc 1 OP #3 BLOCK_SEQ(800): add key constraint duplicate key 'KEY' on table 't1' index 0
