(col1=2001)
(col1=2002)
(col1=2003)
(col1=2004)
(col1=2005)
(col1=2006)
(col1=2007)
(col1=2008)
(col1=2009)
(col1=2010)
