(rows inserted=1)
done
(rows inserted=1)
done
done
(count(*)=2)
done
(id=1)
(id=2)
done
done
(count(*)=2)
done
(id=1)
(id=2)
done
done
done
done
[commit] failed with rc -103 OP #3 BLOCK2_SEQV2(824): constraints error, no genid
done
