(rows inserted=1)
done
(rows inserted=1)
done
(rows inserted=1)
done
done
(count(*)=1)
done
(rows updated=1)
done
[commit] failed with rc -103 OP #3 BLOCK2_SEQV2(824): constraints error, no genid
done
done
(count(*)=1)
done
(rows updated=1)
done
[commit] failed with rc -103 OP #3 BLOCK2_SEQV2(824): constraints error, no genid
done
done
(id=2, b1=x'22')
done
(rows updated=1)
done
[commit] failed with rc -103 OP #3 BLOCK2_SEQV2(824): constraints error, no genid
done
