[select 'user3'] failed with rc -106 invalid password
