(rows inserted=1)
done
done
(id=1, b1=x'11')
done
(rows deleted=1)
done
[commit] failed with rc -103 OP #3 BLOCK2_SEQV2(824): constraints error, no genid
done
(rows inserted=1)
done
(rows inserted=1)
done
done
(id=1, b1=x'11')
done
(rows deleted=1)
done
done
(id=1, b1=x'11')
done
