(count(1)=0)
done
done
done
(rows updated=1)
done
[commit] failed with rc -103 OP #3 BLOCK2_SEQV2(824): constraints error, no genid
done
(count(1)=0)
done
done
done
(rows updated=1)
done
done
(count(1)=7)
done
