context": ["1"]
context": ["1","2","3","4","5","6","7","8","9","10"]
context": ["1","2","3","4","5","6","7","8","9","10"]
context": ["1","2","3","4","5","6","7","8","9"]
context": ["1","2","3","4","5","6","7","8","9"]
context": ["####################################################################################################"]
