[insert into t values (2, x'2222')] failed with rc 299 OP #3 BLOCK2_SEQV2(824): add key constraint duplicate key 'ID' on table 't' index 0
